Archive member included because of file (symbol)

c:/winavr-20100110/bin/../lib/gcc/avr/4.3.3/avr5\libgcc.a(_mulsi3.o)
                              ./HAL/LDR/LDR.o (__mulsi3)
c:/winavr-20100110/bin/../lib/gcc/avr/4.3.3/avr5\libgcc.a(_exit.o)
                              c:/winavr-20100110/bin/../lib/gcc/avr/4.3.3/../../../../avr/lib/avr5/crtm32.o (exit)
c:/winavr-20100110/bin/../lib/gcc/avr/4.3.3/avr5\libgcc.a(_copy_data.o)
                              ./MCAL/Timer1/Timer1.o (__do_copy_data)
c:/winavr-20100110/bin/../lib/gcc/avr/4.3.3/avr5\libgcc.a(_clear_bss.o)
                              ./MCAL/Timer1/Timer1.o (__do_clear_bss)
c:/winavr-20100110/bin/../lib/gcc/avr/4.3.3/avr5\libgcc.a(_fixunssfsi.o)
                              ./MCAL/Timer1/Timer1.o (__fixunssfsi)
c:/winavr-20100110/bin/../lib/gcc/avr/4.3.3/avr5\libgcc.a(_addsub_sf.o)
                              ./MCAL/Timer1/Timer1.o (__subsf3)
c:/winavr-20100110/bin/../lib/gcc/avr/4.3.3/avr5\libgcc.a(_mul_sf.o)
                              ./MCAL/Timer1/Timer1.o (__mulsf3)
c:/winavr-20100110/bin/../lib/gcc/avr/4.3.3/avr5\libgcc.a(_div_sf.o)
                              ./MCAL/Timer1/Timer1.o (__divsf3)
c:/winavr-20100110/bin/../lib/gcc/avr/4.3.3/avr5\libgcc.a(_gt_sf.o)
                              ./MCAL/Timer1/Timer1.o (__gtsf2)
c:/winavr-20100110/bin/../lib/gcc/avr/4.3.3/avr5\libgcc.a(_ge_sf.o)
                              c:/winavr-20100110/bin/../lib/gcc/avr/4.3.3/avr5\libgcc.a(_fixunssfsi.o) (__gesf2)
c:/winavr-20100110/bin/../lib/gcc/avr/4.3.3/avr5\libgcc.a(_lt_sf.o)
                              ./MCAL/Timer1/Timer1.o (__ltsf2)
c:/winavr-20100110/bin/../lib/gcc/avr/4.3.3/avr5\libgcc.a(_sf_to_si.o)
                              c:/winavr-20100110/bin/../lib/gcc/avr/4.3.3/avr5\libgcc.a(_fixunssfsi.o) (__fixsfsi)
c:/winavr-20100110/bin/../lib/gcc/avr/4.3.3/avr5\libgcc.a(_thenan_sf.o)
                              c:/winavr-20100110/bin/../lib/gcc/avr/4.3.3/avr5\libgcc.a(_addsub_sf.o) (__thenan_sf)
c:/winavr-20100110/bin/../lib/gcc/avr/4.3.3/avr5\libgcc.a(_usi_to_sf.o)
                              ./MCAL/Timer1/Timer1.o (__floatunsisf)
c:/winavr-20100110/bin/../lib/gcc/avr/4.3.3/avr5\libgcc.a(_prologue.o)
                              c:/winavr-20100110/bin/../lib/gcc/avr/4.3.3/avr5\libgcc.a(_addsub_sf.o) (__prologue_saves__)
c:/winavr-20100110/bin/../lib/gcc/avr/4.3.3/avr5\libgcc.a(_epilogue.o)
                              c:/winavr-20100110/bin/../lib/gcc/avr/4.3.3/avr5\libgcc.a(_addsub_sf.o) (__epilogue_restores__)
c:/winavr-20100110/bin/../lib/gcc/avr/4.3.3/avr5\libgcc.a(_clzsi2.o)
                              c:/winavr-20100110/bin/../lib/gcc/avr/4.3.3/avr5\libgcc.a(_usi_to_sf.o) (__clzsi2)
c:/winavr-20100110/bin/../lib/gcc/avr/4.3.3/avr5\libgcc.a(_pack_sf.o)
                              c:/winavr-20100110/bin/../lib/gcc/avr/4.3.3/avr5\libgcc.a(_addsub_sf.o) (__pack_f)
c:/winavr-20100110/bin/../lib/gcc/avr/4.3.3/avr5\libgcc.a(_unpack_sf.o)
                              c:/winavr-20100110/bin/../lib/gcc/avr/4.3.3/avr5\libgcc.a(_addsub_sf.o) (__unpack_f)
c:/winavr-20100110/bin/../lib/gcc/avr/4.3.3/avr5\libgcc.a(_fpcmp_parts_sf.o)
                              c:/winavr-20100110/bin/../lib/gcc/avr/4.3.3/avr5\libgcc.a(_gt_sf.o) (__fpcmp_parts_f)
c:/winavr-20100110/bin/../lib/gcc/avr/4.3.3/avr5\libgcc.a(_clz.o)
                              c:/winavr-20100110/bin/../lib/gcc/avr/4.3.3/avr5\libgcc.a(_clzsi2.o) (__clz_tab)
c:/winavr-20100110/bin/../lib/gcc/avr/4.3.3/../../../../avr/lib/avr5\libc.a(itoa.o)
                              ./HAL/LCD/AVR_LCD.o (itoa)
c:/winavr-20100110/bin/../lib/gcc/avr/4.3.3/../../../../avr/lib/avr5\libc.a(strrev.o)
                              c:/winavr-20100110/bin/../lib/gcc/avr/4.3.3/../../../../avr/lib/avr5\libc.a(itoa.o) (strrev)
c:/winavr-20100110/bin/../lib/gcc/avr/4.3.3/avr5\libgcc.a(_udivmodhi4.o)
                              c:/winavr-20100110/bin/../lib/gcc/avr/4.3.3/../../../../avr/lib/avr5\libc.a(itoa.o) (__udivmodhi4)

Allocating common symbols
Common symbol       size              file

g_ADCBuffer         0x2               ./MCAL/ADC/Adc.o

Memory Configuration

Name             Origin             Length             Attributes
text             0x00000000         0x00020000         xr
data             0x00800060         0x0000ffa0         rw !x
eeprom           0x00810000         0x00010000         rw !x
fuse             0x00820000         0x00000400         rw !x
lock             0x00830000         0x00000400         rw !x
signature        0x00840000         0x00000400         rw !x
*default*        0x00000000         0xffffffff

Linker script and memory map

LOAD c:/winavr-20100110/bin/../lib/gcc/avr/4.3.3/../../../../avr/lib/avr5/crtm32.o
LOAD ./MCAL/Timer1/Timer1.o
LOAD ./MCAL/Timer0/Timer0.o
LOAD ./MCAL/SPI/SPI_program.o
LOAD ./MCAL/Interrupt/atmega32_Interrupts.o
LOAD ./MCAL/DIO/atmega32_DIO.o
LOAD ./MCAL/ADC/Adc.o
LOAD ./HAL/LED/LED.o
LOAD ./HAL/LDR/LDR.o
LOAD ./HAL/LCD/AVR_LCD.o
LOAD ./HAL/Button/Button.o
LOAD ./HAL/BUZZER/Buzzer.o
LOAD ./main.o
LOAD c:/winavr-20100110/bin/../lib/gcc/avr/4.3.3/avr5\libgcc.a
LOAD c:/winavr-20100110/bin/../lib/gcc/avr/4.3.3/../../../../avr/lib/avr5\libc.a
LOAD c:/winavr-20100110/bin/../lib/gcc/avr/4.3.3/avr5\libgcc.a

.hash
 *(.hash)

.dynsym
 *(.dynsym)

.dynstr
 *(.dynstr)

.gnu.version
 *(.gnu.version)

.gnu.version_d
 *(.gnu.version_d)

.gnu.version_r
 *(.gnu.version_r)

.rel.init
 *(.rel.init)

.rela.init
 *(.rela.init)

.rel.text
 *(.rel.text)
 *(.rel.text.*)
 *(.rel.gnu.linkonce.t*)

.rela.text
 *(.rela.text)
 *(.rela.text.*)
 *(.rela.gnu.linkonce.t*)

.rel.fini
 *(.rel.fini)

.rela.fini
 *(.rela.fini)

.rel.rodata
 *(.rel.rodata)
 *(.rel.rodata.*)
 *(.rel.gnu.linkonce.r*)

.rela.rodata
 *(.rela.rodata)
 *(.rela.rodata.*)
 *(.rela.gnu.linkonce.r*)

.rel.data
 *(.rel.data)
 *(.rel.data.*)
 *(.rel.gnu.linkonce.d*)

.rela.data
 *(.rela.data)
 *(.rela.data.*)
 *(.rela.gnu.linkonce.d*)

.rel.ctors
 *(.rel.ctors)

.rela.ctors
 *(.rela.ctors)

.rel.dtors
 *(.rel.dtors)

.rela.dtors
 *(.rela.dtors)

.rel.got
 *(.rel.got)

.rela.got
 *(.rela.got)

.rel.bss
 *(.rel.bss)

.rela.bss
 *(.rela.bss)

.rel.plt
 *(.rel.plt)

.rela.plt
 *(.rela.plt)

.text           0x00000000     0x4582
 *(.vectors)
 .vectors       0x00000000       0x54 c:/winavr-20100110/bin/../lib/gcc/avr/4.3.3/../../../../avr/lib/avr5/crtm32.o
                0x00000000                __vectors
                0x00000000                __vector_default
 *(.vectors)
 *(.progmem.gcc*)
 *(.progmem*)
                0x00000054                . = ALIGN (0x2)
                0x00000054                __trampolines_start = .
 *(.trampolines)
 .trampolines   0x00000054        0x0 linker stubs
 *(.trampolines*)
                0x00000054                __trampolines_end = .
 *(.jumptables)
 *(.jumptables*)
 *(.lowtext)
 *(.lowtext*)
                0x00000054                __ctors_start = .
 *(.ctors)
                0x00000054                __ctors_end = .
                0x00000054                __dtors_start = .
 *(.dtors)
                0x00000054                __dtors_end = .
 SORT(*)(.ctors)
 SORT(*)(.dtors)
 *(.init0)
 .init0         0x00000054        0x0 c:/winavr-20100110/bin/../lib/gcc/avr/4.3.3/../../../../avr/lib/avr5/crtm32.o
                0x00000054                __init
 *(.init0)
 *(.init1)
 *(.init1)
 *(.init2)
 .init2         0x00000054        0xc c:/winavr-20100110/bin/../lib/gcc/avr/4.3.3/../../../../avr/lib/avr5/crtm32.o
 *(.init2)
 *(.init3)
 *(.init3)
 *(.init4)
 .init4         0x00000060       0x16 c:/winavr-20100110/bin/../lib/gcc/avr/4.3.3/avr5\libgcc.a(_copy_data.o)
                0x00000060                __do_copy_data
 .init4         0x00000076       0x10 c:/winavr-20100110/bin/../lib/gcc/avr/4.3.3/avr5\libgcc.a(_clear_bss.o)
                0x00000076                __do_clear_bss
 *(.init4)
 *(.init5)
 *(.init5)
 *(.init6)
 *(.init6)
 *(.init7)
 *(.init7)
 *(.init8)
 *(.init8)
 *(.init9)
 .init9         0x00000086        0x8 c:/winavr-20100110/bin/../lib/gcc/avr/4.3.3/../../../../avr/lib/avr5/crtm32.o
 *(.init9)
 *(.text)
 .text          0x0000008e        0x4 c:/winavr-20100110/bin/../lib/gcc/avr/4.3.3/../../../../avr/lib/avr5/crtm32.o
                0x0000008e                __vector_1
                0x0000008e                __vector_12
                0x0000008e                __bad_interrupt
                0x0000008e                __vector_3
                0x0000008e                __vector_13
                0x0000008e                __vector_17
                0x0000008e                __vector_19
                0x0000008e                __vector_5
                0x0000008e                __vector_4
                0x0000008e                __vector_2
                0x0000008e                __vector_15
                0x0000008e                __vector_14
                0x0000008e                __vector_18
                0x0000008e                __vector_20
 .text          0x00000092        0x0 ./MCAL/Timer1/Timer1.o
 .text          0x00000092        0x0 ./MCAL/Timer0/Timer0.o
 .text          0x00000092        0x0 ./MCAL/SPI/SPI_program.o
 .text          0x00000092        0x0 ./MCAL/Interrupt/atmega32_Interrupts.o
 .text          0x00000092        0x0 ./MCAL/DIO/atmega32_DIO.o
 .text          0x00000092        0x0 ./MCAL/ADC/Adc.o
 .text          0x00000092        0x0 ./HAL/LED/LED.o
 .text          0x00000092        0x0 ./HAL/LDR/LDR.o
 .text          0x00000092        0x0 ./HAL/LCD/AVR_LCD.o
 .text          0x00000092        0x0 ./HAL/Button/Button.o
 .text          0x00000092        0x0 ./HAL/BUZZER/Buzzer.o
 .text          0x00000092        0x0 ./main.o
 .text          0x00000092        0x0 c:/winavr-20100110/bin/../lib/gcc/avr/4.3.3/avr5\libgcc.a(_mulsi3.o)
 .text          0x00000092        0x0 c:/winavr-20100110/bin/../lib/gcc/avr/4.3.3/avr5\libgcc.a(_exit.o)
 .text          0x00000092        0x0 c:/winavr-20100110/bin/../lib/gcc/avr/4.3.3/avr5\libgcc.a(_copy_data.o)
 .text          0x00000092        0x0 c:/winavr-20100110/bin/../lib/gcc/avr/4.3.3/avr5\libgcc.a(_clear_bss.o)
 .text          0x00000092       0x58 c:/winavr-20100110/bin/../lib/gcc/avr/4.3.3/avr5\libgcc.a(_fixunssfsi.o)
                0x00000092                __fixunssfsi
 .text          0x000000ea      0x354 c:/winavr-20100110/bin/../lib/gcc/avr/4.3.3/avr5\libgcc.a(_addsub_sf.o)
                0x00000382                __subsf3
                0x000003e4                __addsf3
 .text          0x0000043e      0x1f4 c:/winavr-20100110/bin/../lib/gcc/avr/4.3.3/avr5\libgcc.a(_mul_sf.o)
                0x0000043e                __mulsf3
 .text          0x00000632      0x158 c:/winavr-20100110/bin/../lib/gcc/avr/4.3.3/avr5\libgcc.a(_div_sf.o)
                0x00000632                __divsf3
 .text          0x0000078a       0x60 c:/winavr-20100110/bin/../lib/gcc/avr/4.3.3/avr5\libgcc.a(_gt_sf.o)
                0x0000078a                __gtsf2
 .text          0x000007ea       0x60 c:/winavr-20100110/bin/../lib/gcc/avr/4.3.3/avr5\libgcc.a(_ge_sf.o)
                0x000007ea                __gesf2
 .text          0x0000084a       0x60 c:/winavr-20100110/bin/../lib/gcc/avr/4.3.3/avr5\libgcc.a(_lt_sf.o)
                0x0000084a                __ltsf2
 .text          0x000008aa       0xa8 c:/winavr-20100110/bin/../lib/gcc/avr/4.3.3/avr5\libgcc.a(_sf_to_si.o)
                0x000008aa                __fixsfsi
 .text          0x00000952        0x0 c:/winavr-20100110/bin/../lib/gcc/avr/4.3.3/avr5\libgcc.a(_thenan_sf.o)
 .text          0x00000952       0xf2 c:/winavr-20100110/bin/../lib/gcc/avr/4.3.3/avr5\libgcc.a(_usi_to_sf.o)
                0x00000952                __floatunsisf
 .text          0x00000a44        0x0 c:/winavr-20100110/bin/../lib/gcc/avr/4.3.3/avr5\libgcc.a(_prologue.o)
 .text          0x00000a44        0x0 c:/winavr-20100110/bin/../lib/gcc/avr/4.3.3/avr5\libgcc.a(_epilogue.o)
 .text          0x00000a44       0x9e c:/winavr-20100110/bin/../lib/gcc/avr/4.3.3/avr5\libgcc.a(_clzsi2.o)
                0x00000a44                __clzsi2
 .text          0x00000ae2      0x1aa c:/winavr-20100110/bin/../lib/gcc/avr/4.3.3/avr5\libgcc.a(_pack_sf.o)
                0x00000ae2                __pack_f
 .text          0x00000c8c       0xf0 c:/winavr-20100110/bin/../lib/gcc/avr/4.3.3/avr5\libgcc.a(_unpack_sf.o)
                0x00000c8c                __unpack_f
 .text          0x00000d7c       0xb2 c:/winavr-20100110/bin/../lib/gcc/avr/4.3.3/avr5\libgcc.a(_fpcmp_parts_sf.o)
                0x00000d7c                __fpcmp_parts_f
 .text          0x00000e2e        0x0 c:/winavr-20100110/bin/../lib/gcc/avr/4.3.3/avr5\libgcc.a(_clz.o)
 .text          0x00000e2e        0x0 c:/winavr-20100110/bin/../lib/gcc/avr/4.3.3/../../../../avr/lib/avr5\libc.a(itoa.o)
 .text          0x00000e2e        0x0 c:/winavr-20100110/bin/../lib/gcc/avr/4.3.3/../../../../avr/lib/avr5\libc.a(strrev.o)
 .text          0x00000e2e        0x0 c:/winavr-20100110/bin/../lib/gcc/avr/4.3.3/avr5\libgcc.a(_udivmodhi4.o)
                0x00000e2e                . = ALIGN (0x2)
 *(.text.*)
 .text.TIMER1_uint16CalculateTimer1PreloadVal
                0x00000e2e      0x14e ./MCAL/Timer1/Timer1.o
 .text.TIMER1_uint8SetDutyCycleChA
                0x00000f7c       0x34 ./MCAL/Timer1/Timer1.o
 .text.TIMER1_uint8SetDutyCycleChB
                0x00000fb0       0x34 ./MCAL/Timer1/Timer1.o
 .text.TIMER1_vidInit
                0x00000fe4       0xfa ./MCAL/Timer1/Timer1.o
                0x00000fe4                TIMER1_vidInit
 .text.TIMER1_vidStart
                0x000010de       0x2a ./MCAL/Timer1/Timer1.o
                0x000010de                TIMER1_vidStart
 .text.TIMER1_vidStop
                0x00001108       0x1c ./MCAL/Timer1/Timer1.o
                0x00001108                TIMER1_vidStop
 .text.TIMER1_vidSetPreloadValue
                0x00001124       0x24 ./MCAL/Timer1/Timer1.o
                0x00001124                TIMER1_vidSetPreloadValue
 .text.TIMER1_vidSetCompareMatchAValue
                0x00001148       0x24 ./MCAL/Timer1/Timer1.o
                0x00001148                TIMER1_vidSetCompareMatchAValue
 .text.TIMER1_vidSetCompareMatchBValue
                0x0000116c       0x24 ./MCAL/Timer1/Timer1.o
                0x0000116c                TIMER1_vidSetCompareMatchBValue
 .text.TIMER1_vidSetInputCaptureValue
                0x00001190       0x24 ./MCAL/Timer1/Timer1.o
                0x00001190                TIMER1_vidSetInputCaptureValue
 .text.TIMER1_uint16ReadTimerValue
                0x000011b4       0x16 ./MCAL/Timer1/Timer1.o
                0x000011b4                TIMER1_uint16ReadTimerValue
 .text.TIMER1_uint16ReadInputCaptureValue
                0x000011ca       0x16 ./MCAL/Timer1/Timer1.o
                0x000011ca                TIMER1_uint16ReadInputCaptureValue
 .text.TIMER1_vidEnableOverflowInterrupt
                0x000011e0       0x1c ./MCAL/Timer1/Timer1.o
                0x000011e0                TIMER1_vidEnableOverflowInterrupt
 .text.TIMER1_vidDisableOverflowInterrupt
                0x000011fc       0x1c ./MCAL/Timer1/Timer1.o
                0x000011fc                TIMER1_vidDisableOverflowInterrupt
 .text.TIMER1_vidEnableCompareMatchAInterrupt
                0x00001218       0x1c ./MCAL/Timer1/Timer1.o
                0x00001218                TIMER1_vidEnableCompareMatchAInterrupt
 .text.TIMER1_vidDisableCompareMatchAInterrupt
                0x00001234       0x1c ./MCAL/Timer1/Timer1.o
                0x00001234                TIMER1_vidDisableCompareMatchAInterrupt
 .text.TIMER1_vidEnableCompareMatchBInterrupt
                0x00001250       0x1c ./MCAL/Timer1/Timer1.o
                0x00001250                TIMER1_vidEnableCompareMatchBInterrupt
 .text.TIMER1_vidDisableCompareMatchBInterrupt
                0x0000126c       0x1c ./MCAL/Timer1/Timer1.o
                0x0000126c                TIMER1_vidDisableCompareMatchBInterrupt
 .text.TIMER1_vidEnableCaptureEventInterrupt
                0x00001288       0x1c ./MCAL/Timer1/Timer1.o
                0x00001288                TIMER1_vidEnableCaptureEventInterrupt
 .text.TIMER1_vidDisableCaptureEventInterrupt
                0x000012a4       0x1c ./MCAL/Timer1/Timer1.o
                0x000012a4                TIMER1_vidDisableCaptureEventInterrupt
 .text.TIMER1_uint8SetInputCaptureEventEdge
                0x000012c0       0x76 ./MCAL/Timer1/Timer1.o
                0x000012c0                TIMER1_uint8SetInputCaptureEventEdge
 .text.TIMER1_uint8SetOverflowCallback
                0x00001336       0x3a ./MCAL/Timer1/Timer1.o
                0x00001336                TIMER1_uint8SetOverflowCallback
 .text.TIMER1_uint8SetCompareMatchACallback
                0x00001370       0x3a ./MCAL/Timer1/Timer1.o
                0x00001370                TIMER1_uint8SetCompareMatchACallback
 .text.TIMER1_uint8SetCompareMatchBCallback
                0x000013aa       0x3a ./MCAL/Timer1/Timer1.o
                0x000013aa                TIMER1_uint8SetCompareMatchBCallback
 .text.TIMER1_uint8SetCaptureEventCallback
                0x000013e4       0x3a ./MCAL/Timer1/Timer1.o
                0x000013e4                TIMER1_uint8SetCaptureEventCallback
 .text.TIMER1_uint8SetBusyWait_ms
                0x0000141e       0xf0 ./MCAL/Timer1/Timer1.o
                0x0000141e                TIMER1_uint8SetBusyWait_ms
 .text.TIMER1_uint8StartPWMChannelA
                0x0000150e       0x30 ./MCAL/Timer1/Timer1.o
                0x0000150e                TIMER1_uint8StartPWMChannelA
 .text.TIMER1_uint8StartPWMChannelB
                0x0000153e       0x30 ./MCAL/Timer1/Timer1.o
                0x0000153e                TIMER1_uint8StartPWMChannelB
 .text.__vector_6
                0x0000156e       0x66 ./MCAL/Timer1/Timer1.o
                0x0000156e                __vector_6
 .text.__vector_7
                0x000015d4       0x66 ./MCAL/Timer1/Timer1.o
                0x000015d4                __vector_7
 .text.__vector_8
                0x0000163a       0x66 ./MCAL/Timer1/Timer1.o
                0x0000163a                __vector_8
 .text.__vector_9
                0x000016a0       0x66 ./MCAL/Timer1/Timer1.o
                0x000016a0                __vector_9
 .text.TIMER0_u8CalculateTimer0PreloadVal
                0x00001706      0x12c ./MCAL/Timer0/Timer0.o
 .text.TIMER0_u8SetDutyCycle
                0x00001832       0x7c ./MCAL/Timer0/Timer0.o
                0x00001832                TIMER0_u8SetDutyCycle
 .text.TIMER0_vidInit
                0x000018ae       0x62 ./MCAL/Timer0/Timer0.o
                0x000018ae                TIMER0_vidInit
 .text.TIMER0_vidStart
                0x00001910       0x2a ./MCAL/Timer0/Timer0.o
                0x00001910                TIMER0_vidStart
 .text.TIMER0_vidStop
                0x0000193a       0x1c ./MCAL/Timer0/Timer0.o
                0x0000193a                TIMER0_vidStop
 .text.TIMER0_vidSetPreloadValue
                0x00001956       0x1c ./MCAL/Timer0/Timer0.o
                0x00001956                TIMER0_vidSetPreloadValue
 .text.TIMER0_vidSetCompareMatchValue
                0x00001972       0x1c ./MCAL/Timer0/Timer0.o
                0x00001972                TIMER0_vidSetCompareMatchValue
 .text.TIMER0_u8ReadTimerValue
                0x0000198e       0x14 ./MCAL/Timer0/Timer0.o
                0x0000198e                TIMER0_u8ReadTimerValue
 .text.TIMER0_vidEnableOverflowInterrupt
                0x000019a2       0x1c ./MCAL/Timer0/Timer0.o
                0x000019a2                TIMER0_vidEnableOverflowInterrupt
 .text.TIMER0_vidDisableOverflowInterrupt
                0x000019be       0x1c ./MCAL/Timer0/Timer0.o
                0x000019be                TIMER0_vidDisableOverflowInterrupt
 .text.TIMER0_vidEnableCompareMatchInterrupt
                0x000019da       0x1c ./MCAL/Timer0/Timer0.o
                0x000019da                TIMER0_vidEnableCompareMatchInterrupt
 .text.TIMER0_vidDisableCompareMatchInterrupt
                0x000019f6       0x1c ./MCAL/Timer0/Timer0.o
                0x000019f6                TIMER0_vidDisableCompareMatchInterrupt
 .text.TIMER0_u8SetOverflowCallback
                0x00001a12       0x3a ./MCAL/Timer0/Timer0.o
                0x00001a12                TIMER0_u8SetOverflowCallback
 .text.TIMER0_u8SetCompareMatchCallback
                0x00001a4c       0x3a ./MCAL/Timer0/Timer0.o
                0x00001a4c                TIMER0_u8SetCompareMatchCallback
 .text.TIMER0_u8SetBusyWait_ms
                0x00001a86       0xec ./MCAL/Timer0/Timer0.o
                0x00001a86                TIMER0_u8SetBusyWait_ms
 .text.TIMER0_u8StartPWM
                0x00001b72       0x30 ./MCAL/Timer0/Timer0.o
                0x00001b72                TIMER0_u8StartPWM
 .text.TIMER0_vidClearOvfFlag
                0x00001ba2       0x1c ./MCAL/Timer0/Timer0.o
                0x00001ba2                TIMER0_vidClearOvfFlag
 .text.__vector_11
                0x00001bbe       0x66 ./MCAL/Timer0/Timer0.o
                0x00001bbe                __vector_11
 .text.__vector_10
                0x00001c24       0x66 ./MCAL/Timer0/Timer0.o
                0x00001c24                __vector_10
 .text.SPI_masterInit
                0x00001c8a       0x2c ./MCAL/SPI/SPI_program.o
                0x00001c8a                SPI_masterInit
 .text.SPI_slaveInit
                0x00001cb6       0x20 ./MCAL/SPI/SPI_program.o
                0x00001cb6                SPI_slaveInit
 .text.SPI_transiver
                0x00001cd6       0x2c ./MCAL/SPI/SPI_program.o
                0x00001cd6                SPI_transiver
 .text.SPI_sendData
                0x00001d02       0x26 ./MCAL/SPI/SPI_program.o
                0x00001d02                SPI_sendData
 .text.SPI_receiveData
                0x00001d28       0x26 ./MCAL/SPI/SPI_program.o
                0x00001d28                SPI_receiveData
 .text.GlobalInterrupt_enable
                0x00001d4e       0x1c ./MCAL/Interrupt/atmega32_Interrupts.o
                0x00001d4e                GlobalInterrupt_enable
 .text.Ext_Int0_Enable
                0x00001d6a       0x44 ./MCAL/Interrupt/atmega32_Interrupts.o
                0x00001d6a                Ext_Int0_Enable
 .text.Ext_Int0_Disable
                0x00001dae       0x1c ./MCAL/Interrupt/atmega32_Interrupts.o
                0x00001dae                Ext_Int0_Disable
 .text.Ext_Int1_Enable
                0x00001dca       0x50 ./MCAL/Interrupt/atmega32_Interrupts.o
                0x00001dca                Ext_Int1_Enable
 .text.Ext_Int1_Disable
                0x00001e1a       0x1c ./MCAL/Interrupt/atmega32_Interrupts.o
                0x00001e1a                Ext_Int1_Disable
 .text.Ext_Int2_Enable
                0x00001e36       0x56 ./MCAL/Interrupt/atmega32_Interrupts.o
                0x00001e36                Ext_Int2_Enable
 .text.Ext_Int2_Disable
                0x00001e8c       0x1c ./MCAL/Interrupt/atmega32_Interrupts.o
                0x00001e8c                Ext_Int2_Disable
 .text.DIO_setupPinDirection
                0x00001ea8      0x1d6 ./MCAL/DIO/atmega32_DIO.o
                0x00001ea8                DIO_setupPinDirection
 .text.DIO_setupPortDirection
                0x0000207e       0x88 ./MCAL/DIO/atmega32_DIO.o
                0x0000207e                DIO_setupPortDirection
 .text.DIO_writePin
                0x00002106      0x1d6 ./MCAL/DIO/atmega32_DIO.o
                0x00002106                DIO_writePin
 .text.DIO_readPin
                0x000022dc      0x190 ./MCAL/DIO/atmega32_DIO.o
                0x000022dc                DIO_readPin
 .text.DIO_writePort
                0x0000246c       0x88 ./MCAL/DIO/atmega32_DIO.o
                0x0000246c                DIO_writePort
 .text.DIO_readPort
                0x000024f4       0x8a ./MCAL/DIO/atmega32_DIO.o
                0x000024f4                DIO_readPort
 .text.DIO_TogglePin
                0x0000257e       0xfa ./MCAL/DIO/atmega32_DIO.o
                0x0000257e                DIO_TogglePin
 .text.__vector_16
                0x00002678       0x4c ./MCAL/ADC/Adc.o
                0x00002678                __vector_16
 .text.ADC_Init
                0x000026c4       0xa4 ./MCAL/ADC/Adc.o
                0x000026c4                ADC_Init
 .text.ADC_readChannel_polling
                0x00002768       0xaa ./MCAL/ADC/Adc.o
                0x00002768                ADC_readChannel_polling
 .text.ADC_readChannel_interrupt
                0x00002812       0x6a ./MCAL/ADC/Adc.o
                0x00002812                ADC_readChannel_interrupt
 .text.ADC_DeInit
                0x0000287c       0x40 ./MCAL/ADC/Adc.o
                0x0000287c                ADC_DeInit
 .text.LED_Init
                0x000028bc       0xae ./HAL/LED/LED.o
                0x000028bc                LED_Init
 .text.LED_Init_All
                0x0000296a       0x26 ./HAL/LED/LED.o
                0x0000296a                LED_Init_All
 .text.LED_on   0x00002990       0x86 ./HAL/LED/LED.o
                0x00002990                LED_on
 .text.LED_Off  0x00002a16       0x86 ./HAL/LED/LED.o
                0x00002a16                LED_Off
 .text.LED_Toggle
                0x00002a9c       0x7e ./HAL/LED/LED.o
                0x00002a9c                LED_Toggle
 .text.LED_Check
                0x00002b1a       0x8c ./HAL/LED/LED.o
                0x00002b1a                LED_Check
 .text.LED_All_Off
                0x00002ba6       0x36 ./HAL/LED/LED.o
                0x00002ba6                LED_All_Off
 .text.LDR_vidLDRInit
                0x00002bdc       0x20 ./HAL/LDR/LDR.o
                0x00002bdc                LDR_vidLDRInit
 .text.LDR_u16GetLDRReadingSync
                0x00002bfc       0x66 ./HAL/LDR/LDR.o
                0x00002bfc                LDR_u16GetLDRReadingSync
 .text.LCD_init
                0x00002c62      0x254 ./HAL/LCD/AVR_LCD.o
                0x00002c62                LCD_init
 .text.LCD_sendCommand
                0x00002eb6      0x8f6 ./HAL/LCD/AVR_LCD.o
                0x00002eb6                LCD_sendCommand
 .text.LCD_displayCharacter
                0x000037ac      0x8f6 ./HAL/LCD/AVR_LCD.o
                0x000037ac                LCD_displayCharacter
 .text.LCD_displayString
                0x000040a2       0x52 ./HAL/LCD/AVR_LCD.o
                0x000040a2                LCD_displayString
 .text.LCD_clearScreen
                0x000040f4       0x14 ./HAL/LCD/AVR_LCD.o
                0x000040f4                LCD_clearScreen
 .text.LCD_moveCursor
                0x00004108       0x88 ./HAL/LCD/AVR_LCD.o
                0x00004108                LCD_moveCursor
 .text.LCD_displayStringRowColumn
                0x00004190       0x32 ./HAL/LCD/AVR_LCD.o
                0x00004190                LCD_displayStringRowColumn
 .text.LCD_integerToString
                0x000041c2       0x46 ./HAL/LCD/AVR_LCD.o
                0x000041c2                LCD_integerToString
 .text.LCD_displayIntegerRowColumn
                0x00004208       0x52 ./HAL/LCD/AVR_LCD.o
                0x00004208                LCD_displayIntegerRowColumn
 .text.Button_init
                0x0000425a       0x48 ./HAL/Button/Button.o
                0x0000425a                Button_init
 .text.Button_Read
                0x000042a2      0x15e ./HAL/Button/Button.o
                0x000042a2                Button_Read
 .text.Buzzer_Init
                0x00004400       0x18 ./HAL/BUZZER/Buzzer.o
                0x00004400                Buzzer_Init
 .text.Buzzer_TurnOnOff
                0x00004418       0x1e ./HAL/BUZZER/Buzzer.o
                0x00004418                Buzzer_TurnOnOff
 .text.main     0x00004436       0x12 ./main.o
                0x00004436                main
 .text.libgcc   0x00004448       0x3e c:/winavr-20100110/bin/../lib/gcc/avr/4.3.3/avr5\libgcc.a(_mulsi3.o)
                0x00004448                __mulsi3
 .text.libgcc   0x00004486        0x0 c:/winavr-20100110/bin/../lib/gcc/avr/4.3.3/avr5\libgcc.a(_exit.o)
 .text.libgcc   0x00004486        0x0 c:/winavr-20100110/bin/../lib/gcc/avr/4.3.3/avr5\libgcc.a(_copy_data.o)
 .text.libgcc   0x00004486        0x0 c:/winavr-20100110/bin/../lib/gcc/avr/4.3.3/avr5\libgcc.a(_clear_bss.o)
 .text.libgcc   0x00004486       0x38 c:/winavr-20100110/bin/../lib/gcc/avr/4.3.3/avr5\libgcc.a(_prologue.o)
                0x00004486                __prologue_saves__
 .text.libgcc   0x000044be       0x36 c:/winavr-20100110/bin/../lib/gcc/avr/4.3.3/avr5\libgcc.a(_epilogue.o)
                0x000044be                __epilogue_restores__
 .text.avr-libc
                0x000044f4       0x42 c:/winavr-20100110/bin/../lib/gcc/avr/4.3.3/../../../../avr/lib/avr5\libc.a(itoa.o)
                0x000044f4                itoa
 .text.avr-libc
                0x00004536       0x20 c:/winavr-20100110/bin/../lib/gcc/avr/4.3.3/../../../../avr/lib/avr5\libc.a(strrev.o)
                0x00004536                strrev
 .text.libgcc   0x00004556       0x28 c:/winavr-20100110/bin/../lib/gcc/avr/4.3.3/avr5\libgcc.a(_udivmodhi4.o)
                0x00004556                __udivmodhi4
                0x0000457e                . = ALIGN (0x2)
 *(.fini9)
 .fini9         0x0000457e        0x0 c:/winavr-20100110/bin/../lib/gcc/avr/4.3.3/avr5\libgcc.a(_exit.o)
                0x0000457e                exit
                0x0000457e                _exit
 *(.fini9)
 *(.fini8)
 *(.fini8)
 *(.fini7)
 *(.fini7)
 *(.fini6)
 *(.fini6)
 *(.fini5)
 *(.fini5)
 *(.fini4)
 *(.fini4)
 *(.fini3)
 *(.fini3)
 *(.fini2)
 *(.fini2)
 *(.fini1)
 *(.fini1)
 *(.fini0)
 .fini0         0x0000457e        0x4 c:/winavr-20100110/bin/../lib/gcc/avr/4.3.3/avr5\libgcc.a(_exit.o)
 *(.fini0)
                0x00004582                _etext = .

.data           0x00800060      0x112 load address 0x00004582
                0x00800060                PROVIDE (__data_start, .)
 *(.data)
 .data          0x00800060        0x0 c:/winavr-20100110/bin/../lib/gcc/avr/4.3.3/../../../../avr/lib/avr5/crtm32.o
 .data          0x00800060        0x0 ./MCAL/Timer1/Timer1.o
 .data          0x00800060        0x0 ./MCAL/Timer0/Timer0.o
 .data          0x00800060        0x0 ./MCAL/SPI/SPI_program.o
 .data          0x00800060        0x0 ./MCAL/Interrupt/atmega32_Interrupts.o
 .data          0x00800060        0x0 ./MCAL/DIO/atmega32_DIO.o
 .data          0x00800060        0x0 ./MCAL/ADC/Adc.o
 .data          0x00800060        0x0 ./HAL/LED/LED.o
 .data          0x00800060        0x0 ./HAL/LDR/LDR.o
 .data          0x00800060        0x0 ./HAL/LCD/AVR_LCD.o
 .data          0x00800060        0x0 ./HAL/Button/Button.o
 .data          0x00800060        0x0 ./HAL/BUZZER/Buzzer.o
 .data          0x00800060        0x0 ./main.o
 .data          0x00800060        0x0 c:/winavr-20100110/bin/../lib/gcc/avr/4.3.3/avr5\libgcc.a(_mulsi3.o)
 .data          0x00800060        0x0 c:/winavr-20100110/bin/../lib/gcc/avr/4.3.3/avr5\libgcc.a(_exit.o)
 .data          0x00800060        0x0 c:/winavr-20100110/bin/../lib/gcc/avr/4.3.3/avr5\libgcc.a(_copy_data.o)
 .data          0x00800060        0x0 c:/winavr-20100110/bin/../lib/gcc/avr/4.3.3/avr5\libgcc.a(_clear_bss.o)
 .data          0x00800060        0x0 c:/winavr-20100110/bin/../lib/gcc/avr/4.3.3/avr5\libgcc.a(_fixunssfsi.o)
 .data          0x00800060        0x0 c:/winavr-20100110/bin/../lib/gcc/avr/4.3.3/avr5\libgcc.a(_addsub_sf.o)
 .data          0x00800060        0x0 c:/winavr-20100110/bin/../lib/gcc/avr/4.3.3/avr5\libgcc.a(_mul_sf.o)
 .data          0x00800060        0x0 c:/winavr-20100110/bin/../lib/gcc/avr/4.3.3/avr5\libgcc.a(_div_sf.o)
 .data          0x00800060        0x0 c:/winavr-20100110/bin/../lib/gcc/avr/4.3.3/avr5\libgcc.a(_gt_sf.o)
 .data          0x00800060        0x0 c:/winavr-20100110/bin/../lib/gcc/avr/4.3.3/avr5\libgcc.a(_ge_sf.o)
 .data          0x00800060        0x0 c:/winavr-20100110/bin/../lib/gcc/avr/4.3.3/avr5\libgcc.a(_lt_sf.o)
 .data          0x00800060        0x0 c:/winavr-20100110/bin/../lib/gcc/avr/4.3.3/avr5\libgcc.a(_sf_to_si.o)
 .data          0x00800060        0x8 c:/winavr-20100110/bin/../lib/gcc/avr/4.3.3/avr5\libgcc.a(_thenan_sf.o)
                0x00800060                __thenan_sf
 .data          0x00800068        0x0 c:/winavr-20100110/bin/../lib/gcc/avr/4.3.3/avr5\libgcc.a(_usi_to_sf.o)
 .data          0x00800068        0x0 c:/winavr-20100110/bin/../lib/gcc/avr/4.3.3/avr5\libgcc.a(_prologue.o)
 .data          0x00800068        0x0 c:/winavr-20100110/bin/../lib/gcc/avr/4.3.3/avr5\libgcc.a(_epilogue.o)
 .data          0x00800068        0x0 c:/winavr-20100110/bin/../lib/gcc/avr/4.3.3/avr5\libgcc.a(_clzsi2.o)
 .data          0x00800068        0x0 c:/winavr-20100110/bin/../lib/gcc/avr/4.3.3/avr5\libgcc.a(_pack_sf.o)
 .data          0x00800068        0x0 c:/winavr-20100110/bin/../lib/gcc/avr/4.3.3/avr5\libgcc.a(_unpack_sf.o)
 .data          0x00800068        0x0 c:/winavr-20100110/bin/../lib/gcc/avr/4.3.3/avr5\libgcc.a(_fpcmp_parts_sf.o)
 .data          0x00800068      0x100 c:/winavr-20100110/bin/../lib/gcc/avr/4.3.3/avr5\libgcc.a(_clz.o)
                0x00800068                __clz_tab
 .data          0x00800168        0x0 c:/winavr-20100110/bin/../lib/gcc/avr/4.3.3/../../../../avr/lib/avr5\libc.a(itoa.o)
 .data          0x00800168        0x0 c:/winavr-20100110/bin/../lib/gcc/avr/4.3.3/../../../../avr/lib/avr5\libc.a(strrev.o)
 .data          0x00800168        0x0 c:/winavr-20100110/bin/../lib/gcc/avr/4.3.3/avr5\libgcc.a(_udivmodhi4.o)
 *(.data*)
 .data.Global_float32Timer1OverflowTime
                0x00800168        0x4 ./MCAL/Timer1/Timer1.o
 .data.Global_f32Timer0OverflowTime
                0x0080016c        0x4 ./MCAL/Timer0/Timer0.o
 .data.Config   0x00800170        0x2 ./HAL/LDR/LDR.o
                0x00800170                Config
 *(.rodata)
 *(.rodata*)
 *(.gnu.linkonce.d*)
                0x00800172                . = ALIGN (0x2)
                0x00800172                _edata = .
                0x00800172                PROVIDE (__data_end, .)

.bss            0x00800172        0xe
                0x00800172                PROVIDE (__bss_start, .)
 *(.bss)
 .bss           0x00800172        0x0 c:/winavr-20100110/bin/../lib/gcc/avr/4.3.3/../../../../avr/lib/avr5/crtm32.o
 .bss           0x00800172        0x0 ./MCAL/Timer1/Timer1.o
 .bss           0x00800172        0x0 ./MCAL/Timer0/Timer0.o
 .bss           0x00800172        0x0 ./MCAL/SPI/SPI_program.o
 .bss           0x00800172        0x0 ./MCAL/Interrupt/atmega32_Interrupts.o
 .bss           0x00800172        0x0 ./MCAL/DIO/atmega32_DIO.o
 .bss           0x00800172        0x0 ./MCAL/ADC/Adc.o
 .bss           0x00800172        0x0 ./HAL/LED/LED.o
 .bss           0x00800172        0x0 ./HAL/LDR/LDR.o
 .bss           0x00800172        0x0 ./HAL/LCD/AVR_LCD.o
 .bss           0x00800172        0x0 ./HAL/Button/Button.o
 .bss           0x00800172        0x0 ./HAL/BUZZER/Buzzer.o
 .bss           0x00800172        0x0 ./main.o
 .bss           0x00800172        0x0 c:/winavr-20100110/bin/../lib/gcc/avr/4.3.3/avr5\libgcc.a(_mulsi3.o)
 .bss           0x00800172        0x0 c:/winavr-20100110/bin/../lib/gcc/avr/4.3.3/avr5\libgcc.a(_exit.o)
 .bss           0x00800172        0x0 c:/winavr-20100110/bin/../lib/gcc/avr/4.3.3/avr5\libgcc.a(_copy_data.o)
 .bss           0x00800172        0x0 c:/winavr-20100110/bin/../lib/gcc/avr/4.3.3/avr5\libgcc.a(_clear_bss.o)
 .bss           0x00800172        0x0 c:/winavr-20100110/bin/../lib/gcc/avr/4.3.3/avr5\libgcc.a(_fixunssfsi.o)
 .bss           0x00800172        0x0 c:/winavr-20100110/bin/../lib/gcc/avr/4.3.3/avr5\libgcc.a(_addsub_sf.o)
 .bss           0x00800172        0x0 c:/winavr-20100110/bin/../lib/gcc/avr/4.3.3/avr5\libgcc.a(_mul_sf.o)
 .bss           0x00800172        0x0 c:/winavr-20100110/bin/../lib/gcc/avr/4.3.3/avr5\libgcc.a(_div_sf.o)
 .bss           0x00800172        0x0 c:/winavr-20100110/bin/../lib/gcc/avr/4.3.3/avr5\libgcc.a(_gt_sf.o)
 .bss           0x00800172        0x0 c:/winavr-20100110/bin/../lib/gcc/avr/4.3.3/avr5\libgcc.a(_ge_sf.o)
 .bss           0x00800172        0x0 c:/winavr-20100110/bin/../lib/gcc/avr/4.3.3/avr5\libgcc.a(_lt_sf.o)
 .bss           0x00800172        0x0 c:/winavr-20100110/bin/../lib/gcc/avr/4.3.3/avr5\libgcc.a(_sf_to_si.o)
 .bss           0x00800172        0x0 c:/winavr-20100110/bin/../lib/gcc/avr/4.3.3/avr5\libgcc.a(_thenan_sf.o)
 .bss           0x00800172        0x0 c:/winavr-20100110/bin/../lib/gcc/avr/4.3.3/avr5\libgcc.a(_usi_to_sf.o)
 .bss           0x00800172        0x0 c:/winavr-20100110/bin/../lib/gcc/avr/4.3.3/avr5\libgcc.a(_prologue.o)
 .bss           0x00800172        0x0 c:/winavr-20100110/bin/../lib/gcc/avr/4.3.3/avr5\libgcc.a(_epilogue.o)
 .bss           0x00800172        0x0 c:/winavr-20100110/bin/../lib/gcc/avr/4.3.3/avr5\libgcc.a(_clzsi2.o)
 .bss           0x00800172        0x0 c:/winavr-20100110/bin/../lib/gcc/avr/4.3.3/avr5\libgcc.a(_pack_sf.o)
 .bss           0x00800172        0x0 c:/winavr-20100110/bin/../lib/gcc/avr/4.3.3/avr5\libgcc.a(_unpack_sf.o)
 .bss           0x00800172        0x0 c:/winavr-20100110/bin/../lib/gcc/avr/4.3.3/avr5\libgcc.a(_fpcmp_parts_sf.o)
 .bss           0x00800172        0x0 c:/winavr-20100110/bin/../lib/gcc/avr/4.3.3/avr5\libgcc.a(_clz.o)
 .bss           0x00800172        0x0 c:/winavr-20100110/bin/../lib/gcc/avr/4.3.3/../../../../avr/lib/avr5\libc.a(itoa.o)
 .bss           0x00800172        0x0 c:/winavr-20100110/bin/../lib/gcc/avr/4.3.3/../../../../avr/lib/avr5\libc.a(strrev.o)
 .bss           0x00800172        0x0 c:/winavr-20100110/bin/../lib/gcc/avr/4.3.3/avr5\libgcc.a(_udivmodhi4.o)
 *(.bss*)
 .bss.TIMER1_pvOverflowCallbackFunc
                0x00800172        0x2 ./MCAL/Timer1/Timer1.o
 .bss.TIMER1_pvComapareMatchACallbackFunc
                0x00800174        0x2 ./MCAL/Timer1/Timer1.o
 .bss.TIMER1_pvComapareMatchBCallbackFunc
                0x00800176        0x2 ./MCAL/Timer1/Timer1.o
 .bss.TIMER1_pvCaptureEventCallbackFunc
                0x00800178        0x2 ./MCAL/Timer1/Timer1.o
 .bss.TIMER0_pvOverflowCallbakFunc
                0x0080017a        0x2 ./MCAL/Timer0/Timer0.o
 .bss.TIMER0_pvComapareMatchCallbakFunc
                0x0080017c        0x2 ./MCAL/Timer0/Timer0.o
 *(COMMON)
 COMMON         0x0080017e        0x2 ./MCAL/ADC/Adc.o
                0x0080017e                g_ADCBuffer
                0x00800180                PROVIDE (__bss_end, .)
                0x00004582                __data_load_start = LOADADDR (.data)
                0x00004694                __data_load_end = (__data_load_start + SIZEOF (.data))

.noinit         0x00800180        0x0
                0x00800180                PROVIDE (__noinit_start, .)
 *(.noinit*)
                0x00800180                PROVIDE (__noinit_end, .)
                0x00800180                _end = .
                0x00800180                PROVIDE (__heap_start, .)

.eeprom         0x00810000        0x0
 *(.eeprom*)
                0x00810000                __eeprom_end = .

.fuse
 *(.fuse)
 *(.lfuse)
 *(.hfuse)
 *(.efuse)

.lock
 *(.lock*)

.signature
 *(.signature*)

.stab           0x00000000     0x4e78
 *(.stab)
 .stab          0x00000000      0xec4 ./MCAL/Timer1/Timer1.o
 .stab          0x00000ec4      0x900 ./MCAL/Timer0/Timer0.o
                                0x90c (size before relaxing)
 .stab          0x000017c4      0x564 ./MCAL/SPI/SPI_program.o
                                0x570 (size before relaxing)
 .stab          0x00001d28      0x3b4 ./MCAL/Interrupt/atmega32_Interrupts.o
                                0x54c (size before relaxing)
 .stab          0x000020dc      0x714 ./MCAL/DIO/atmega32_DIO.o
                                0x8ac (size before relaxing)
 .stab          0x000027f0      0x438 ./MCAL/ADC/Adc.o
                                0x444 (size before relaxing)
 .stab          0x00002c28      0x528 ./HAL/LED/LED.o
                                0x6c0 (size before relaxing)
 .stab          0x00003150      0x324 ./HAL/LDR/LDR.o
                                0x4bc (size before relaxing)
 .stab          0x00003474     0x12c0 ./HAL/LCD/AVR_LCD.o
                               0x1458 (size before relaxing)
 .stab          0x00004734      0x3c0 ./HAL/Button/Button.o
                                0x558 (size before relaxing)
 .stab          0x00004af4      0x264 ./HAL/BUZZER/Buzzer.o
                                0x3fc (size before relaxing)
 .stab          0x00004d58      0x120 ./main.o
                                0x12c (size before relaxing)

.stabstr        0x00000000     0x2aa3
 *(.stabstr)
 .stabstr       0x00000000     0x2aa3 ./MCAL/Timer1/Timer1.o

.stab.excl
 *(.stab.excl)

.stab.exclstr
 *(.stab.exclstr)

.stab.index
 *(.stab.index)

.stab.indexstr
 *(.stab.indexstr)

.comment
 *(.comment)

.debug
 *(.debug)

.line
 *(.line)

.debug_srcinfo
 *(.debug_srcinfo)

.debug_sfnames
 *(.debug_sfnames)

.debug_aranges  0x00000000      0x1a0
 *(.debug_aranges)
 .debug_aranges
                0x00000000       0x20 c:/winavr-20100110/bin/../lib/gcc/avr/4.3.3/avr5\libgcc.a(_fixunssfsi.o)
 .debug_aranges
                0x00000020       0x20 c:/winavr-20100110/bin/../lib/gcc/avr/4.3.3/avr5\libgcc.a(_addsub_sf.o)
 .debug_aranges
                0x00000040       0x20 c:/winavr-20100110/bin/../lib/gcc/avr/4.3.3/avr5\libgcc.a(_mul_sf.o)
 .debug_aranges
                0x00000060       0x20 c:/winavr-20100110/bin/../lib/gcc/avr/4.3.3/avr5\libgcc.a(_div_sf.o)
 .debug_aranges
                0x00000080       0x20 c:/winavr-20100110/bin/../lib/gcc/avr/4.3.3/avr5\libgcc.a(_gt_sf.o)
 .debug_aranges
                0x000000a0       0x20 c:/winavr-20100110/bin/../lib/gcc/avr/4.3.3/avr5\libgcc.a(_ge_sf.o)
 .debug_aranges
                0x000000c0       0x20 c:/winavr-20100110/bin/../lib/gcc/avr/4.3.3/avr5\libgcc.a(_lt_sf.o)
 .debug_aranges
                0x000000e0       0x20 c:/winavr-20100110/bin/../lib/gcc/avr/4.3.3/avr5\libgcc.a(_sf_to_si.o)
 .debug_aranges
                0x00000100       0x20 c:/winavr-20100110/bin/../lib/gcc/avr/4.3.3/avr5\libgcc.a(_usi_to_sf.o)
 .debug_aranges
                0x00000120       0x20 c:/winavr-20100110/bin/../lib/gcc/avr/4.3.3/avr5\libgcc.a(_clzsi2.o)
 .debug_aranges
                0x00000140       0x20 c:/winavr-20100110/bin/../lib/gcc/avr/4.3.3/avr5\libgcc.a(_pack_sf.o)
 .debug_aranges
                0x00000160       0x20 c:/winavr-20100110/bin/../lib/gcc/avr/4.3.3/avr5\libgcc.a(_unpack_sf.o)
 .debug_aranges
                0x00000180       0x20 c:/winavr-20100110/bin/../lib/gcc/avr/4.3.3/avr5\libgcc.a(_fpcmp_parts_sf.o)

.debug_pubnames
                0x00000000      0x1f2
 *(.debug_pubnames)
 .debug_pubnames
                0x00000000       0x23 c:/winavr-20100110/bin/../lib/gcc/avr/4.3.3/avr5\libgcc.a(_fixunssfsi.o)
 .debug_pubnames
                0x00000023       0x2c c:/winavr-20100110/bin/../lib/gcc/avr/4.3.3/avr5\libgcc.a(_addsub_sf.o)
 .debug_pubnames
                0x0000004f       0x1f c:/winavr-20100110/bin/../lib/gcc/avr/4.3.3/avr5\libgcc.a(_mul_sf.o)
 .debug_pubnames
                0x0000006e       0x1f c:/winavr-20100110/bin/../lib/gcc/avr/4.3.3/avr5\libgcc.a(_div_sf.o)
 .debug_pubnames
                0x0000008d       0x1e c:/winavr-20100110/bin/../lib/gcc/avr/4.3.3/avr5\libgcc.a(_gt_sf.o)
 .debug_pubnames
                0x000000ab       0x1e c:/winavr-20100110/bin/../lib/gcc/avr/4.3.3/avr5\libgcc.a(_ge_sf.o)
 .debug_pubnames
                0x000000c9       0x1e c:/winavr-20100110/bin/../lib/gcc/avr/4.3.3/avr5\libgcc.a(_lt_sf.o)
 .debug_pubnames
                0x000000e7       0x20 c:/winavr-20100110/bin/../lib/gcc/avr/4.3.3/avr5\libgcc.a(_sf_to_si.o)
 .debug_pubnames
                0x00000107       0x22 c:/winavr-20100110/bin/../lib/gcc/avr/4.3.3/avr5\libgcc.a(_thenan_sf.o)
 .debug_pubnames
                0x00000129       0x24 c:/winavr-20100110/bin/../lib/gcc/avr/4.3.3/avr5\libgcc.a(_usi_to_sf.o)
 .debug_pubnames
                0x0000014d       0x1f c:/winavr-20100110/bin/../lib/gcc/avr/4.3.3/avr5\libgcc.a(_clzsi2.o)
 .debug_pubnames
                0x0000016c       0x1f c:/winavr-20100110/bin/../lib/gcc/avr/4.3.3/avr5\libgcc.a(_pack_sf.o)
 .debug_pubnames
                0x0000018b       0x21 c:/winavr-20100110/bin/../lib/gcc/avr/4.3.3/avr5\libgcc.a(_unpack_sf.o)
 .debug_pubnames
                0x000001ac       0x26 c:/winavr-20100110/bin/../lib/gcc/avr/4.3.3/avr5\libgcc.a(_fpcmp_parts_sf.o)
 .debug_pubnames
                0x000001d2       0x20 c:/winavr-20100110/bin/../lib/gcc/avr/4.3.3/avr5\libgcc.a(_clz.o)

.debug_info     0x00000000     0x240b
 *(.debug_info)
 .debug_info    0x00000000       0xb1 c:/winavr-20100110/bin/../lib/gcc/avr/4.3.3/avr5\libgcc.a(_fixunssfsi.o)
 .debug_info    0x000000b1      0x47a c:/winavr-20100110/bin/../lib/gcc/avr/4.3.3/avr5\libgcc.a(_addsub_sf.o)
 .debug_info    0x0000052b      0x485 c:/winavr-20100110/bin/../lib/gcc/avr/4.3.3/avr5\libgcc.a(_mul_sf.o)
 .debug_info    0x000009b0      0x3fc c:/winavr-20100110/bin/../lib/gcc/avr/4.3.3/avr5\libgcc.a(_div_sf.o)
 .debug_info    0x00000dac      0x27f c:/winavr-20100110/bin/../lib/gcc/avr/4.3.3/avr5\libgcc.a(_gt_sf.o)
 .debug_info    0x0000102b      0x27f c:/winavr-20100110/bin/../lib/gcc/avr/4.3.3/avr5\libgcc.a(_ge_sf.o)
 .debug_info    0x000012aa      0x27f c:/winavr-20100110/bin/../lib/gcc/avr/4.3.3/avr5\libgcc.a(_lt_sf.o)
 .debug_info    0x00001529      0x2b0 c:/winavr-20100110/bin/../lib/gcc/avr/4.3.3/avr5\libgcc.a(_sf_to_si.o)
 .debug_info    0x000017d9      0x12c c:/winavr-20100110/bin/../lib/gcc/avr/4.3.3/avr5\libgcc.a(_thenan_sf.o)
 .debug_info    0x00001905      0x206 c:/winavr-20100110/bin/../lib/gcc/avr/4.3.3/avr5\libgcc.a(_usi_to_sf.o)
 .debug_info    0x00001b0b      0x117 c:/winavr-20100110/bin/../lib/gcc/avr/4.3.3/avr5\libgcc.a(_clzsi2.o)
 .debug_info    0x00001c22      0x2df c:/winavr-20100110/bin/../lib/gcc/avr/4.3.3/avr5\libgcc.a(_pack_sf.o)
 .debug_info    0x00001f01      0x251 c:/winavr-20100110/bin/../lib/gcc/avr/4.3.3/avr5\libgcc.a(_unpack_sf.o)
 .debug_info    0x00002152      0x210 c:/winavr-20100110/bin/../lib/gcc/avr/4.3.3/avr5\libgcc.a(_fpcmp_parts_sf.o)
 .debug_info    0x00002362       0xa9 c:/winavr-20100110/bin/../lib/gcc/avr/4.3.3/avr5\libgcc.a(_clz.o)
 *(.gnu.linkonce.wi.*)

.debug_abbrev   0x00000000     0x1386
 *(.debug_abbrev)
 .debug_abbrev  0x00000000       0x5d c:/winavr-20100110/bin/../lib/gcc/avr/4.3.3/avr5\libgcc.a(_fixunssfsi.o)
 .debug_abbrev  0x0000005d      0x1ea c:/winavr-20100110/bin/../lib/gcc/avr/4.3.3/avr5\libgcc.a(_addsub_sf.o)
 .debug_abbrev  0x00000247      0x21b c:/winavr-20100110/bin/../lib/gcc/avr/4.3.3/avr5\libgcc.a(_mul_sf.o)
 .debug_abbrev  0x00000462      0x216 c:/winavr-20100110/bin/../lib/gcc/avr/4.3.3/avr5\libgcc.a(_div_sf.o)
 .debug_abbrev  0x00000678      0x15a c:/winavr-20100110/bin/../lib/gcc/avr/4.3.3/avr5\libgcc.a(_gt_sf.o)
 .debug_abbrev  0x000007d2      0x15a c:/winavr-20100110/bin/../lib/gcc/avr/4.3.3/avr5\libgcc.a(_ge_sf.o)
 .debug_abbrev  0x0000092c      0x15a c:/winavr-20100110/bin/../lib/gcc/avr/4.3.3/avr5\libgcc.a(_lt_sf.o)
 .debug_abbrev  0x00000a86      0x17f c:/winavr-20100110/bin/../lib/gcc/avr/4.3.3/avr5\libgcc.a(_sf_to_si.o)
 .debug_abbrev  0x00000c05       0xad c:/winavr-20100110/bin/../lib/gcc/avr/4.3.3/avr5\libgcc.a(_thenan_sf.o)
 .debug_abbrev  0x00000cb2      0x157 c:/winavr-20100110/bin/../lib/gcc/avr/4.3.3/avr5\libgcc.a(_usi_to_sf.o)
 .debug_abbrev  0x00000e09       0xc4 c:/winavr-20100110/bin/../lib/gcc/avr/4.3.3/avr5\libgcc.a(_clzsi2.o)
 .debug_abbrev  0x00000ecd      0x1c0 c:/winavr-20100110/bin/../lib/gcc/avr/4.3.3/avr5\libgcc.a(_pack_sf.o)
 .debug_abbrev  0x0000108d      0x154 c:/winavr-20100110/bin/../lib/gcc/avr/4.3.3/avr5\libgcc.a(_unpack_sf.o)
 .debug_abbrev  0x000011e1      0x13b c:/winavr-20100110/bin/../lib/gcc/avr/4.3.3/avr5\libgcc.a(_fpcmp_parts_sf.o)
 .debug_abbrev  0x0000131c       0x6a c:/winavr-20100110/bin/../lib/gcc/avr/4.3.3/avr5\libgcc.a(_clz.o)

.debug_line     0x00000000     0x11d6
 *(.debug_line)
 .debug_line    0x00000000       0xa7 c:/winavr-20100110/bin/../lib/gcc/avr/4.3.3/avr5\libgcc.a(_fixunssfsi.o)
 .debug_line    0x000000a7      0x2af c:/winavr-20100110/bin/../lib/gcc/avr/4.3.3/avr5\libgcc.a(_addsub_sf.o)
 .debug_line    0x00000356      0x239 c:/winavr-20100110/bin/../lib/gcc/avr/4.3.3/avr5\libgcc.a(_mul_sf.o)
 .debug_line    0x0000058f      0x1d5 c:/winavr-20100110/bin/../lib/gcc/avr/4.3.3/avr5\libgcc.a(_div_sf.o)
 .debug_line    0x00000764       0xd3 c:/winavr-20100110/bin/../lib/gcc/avr/4.3.3/avr5\libgcc.a(_gt_sf.o)
 .debug_line    0x00000837       0xd3 c:/winavr-20100110/bin/../lib/gcc/avr/4.3.3/avr5\libgcc.a(_ge_sf.o)
 .debug_line    0x0000090a       0xd3 c:/winavr-20100110/bin/../lib/gcc/avr/4.3.3/avr5\libgcc.a(_lt_sf.o)
 .debug_line    0x000009dd      0x109 c:/winavr-20100110/bin/../lib/gcc/avr/4.3.3/avr5\libgcc.a(_sf_to_si.o)
 .debug_line    0x00000ae6       0x90 c:/winavr-20100110/bin/../lib/gcc/avr/4.3.3/avr5\libgcc.a(_thenan_sf.o)
 .debug_line    0x00000b76      0x133 c:/winavr-20100110/bin/../lib/gcc/avr/4.3.3/avr5\libgcc.a(_usi_to_sf.o)
 .debug_line    0x00000ca9       0xa5 c:/winavr-20100110/bin/../lib/gcc/avr/4.3.3/avr5\libgcc.a(_clzsi2.o)
 .debug_line    0x00000d4e      0x18a c:/winavr-20100110/bin/../lib/gcc/avr/4.3.3/avr5\libgcc.a(_pack_sf.o)
 .debug_line    0x00000ed8      0x14b c:/winavr-20100110/bin/../lib/gcc/avr/4.3.3/avr5\libgcc.a(_unpack_sf.o)
 .debug_line    0x00001023      0x137 c:/winavr-20100110/bin/../lib/gcc/avr/4.3.3/avr5\libgcc.a(_fpcmp_parts_sf.o)
 .debug_line    0x0000115a       0x7c c:/winavr-20100110/bin/../lib/gcc/avr/4.3.3/avr5\libgcc.a(_clz.o)

.debug_frame    0x00000000      0x1c0
 *(.debug_frame)
 .debug_frame   0x00000000       0x20 c:/winavr-20100110/bin/../lib/gcc/avr/4.3.3/avr5\libgcc.a(_fixunssfsi.o)
 .debug_frame   0x00000020       0x40 c:/winavr-20100110/bin/../lib/gcc/avr/4.3.3/avr5\libgcc.a(_addsub_sf.o)
 .debug_frame   0x00000060       0x20 c:/winavr-20100110/bin/../lib/gcc/avr/4.3.3/avr5\libgcc.a(_mul_sf.o)
 .debug_frame   0x00000080       0x20 c:/winavr-20100110/bin/../lib/gcc/avr/4.3.3/avr5\libgcc.a(_div_sf.o)
 .debug_frame   0x000000a0       0x20 c:/winavr-20100110/bin/../lib/gcc/avr/4.3.3/avr5\libgcc.a(_gt_sf.o)
 .debug_frame   0x000000c0       0x20 c:/winavr-20100110/bin/../lib/gcc/avr/4.3.3/avr5\libgcc.a(_ge_sf.o)
 .debug_frame   0x000000e0       0x20 c:/winavr-20100110/bin/../lib/gcc/avr/4.3.3/avr5\libgcc.a(_lt_sf.o)
 .debug_frame   0x00000100       0x20 c:/winavr-20100110/bin/../lib/gcc/avr/4.3.3/avr5\libgcc.a(_sf_to_si.o)
 .debug_frame   0x00000120       0x20 c:/winavr-20100110/bin/../lib/gcc/avr/4.3.3/avr5\libgcc.a(_usi_to_sf.o)
 .debug_frame   0x00000140       0x20 c:/winavr-20100110/bin/../lib/gcc/avr/4.3.3/avr5\libgcc.a(_clzsi2.o)
 .debug_frame   0x00000160       0x20 c:/winavr-20100110/bin/../lib/gcc/avr/4.3.3/avr5\libgcc.a(_pack_sf.o)
 .debug_frame   0x00000180       0x20 c:/winavr-20100110/bin/../lib/gcc/avr/4.3.3/avr5\libgcc.a(_unpack_sf.o)
 .debug_frame   0x000001a0       0x20 c:/winavr-20100110/bin/../lib/gcc/avr/4.3.3/avr5\libgcc.a(_fpcmp_parts_sf.o)

.debug_str      0x00000000      0x2f6
 *(.debug_str)
 .debug_str     0x00000000       0xbf c:/winavr-20100110/bin/../lib/gcc/avr/4.3.3/avr5\libgcc.a(_fixunssfsi.o)
                                 0xfe (size before relaxing)
 .debug_str     0x000000bf      0x14d c:/winavr-20100110/bin/../lib/gcc/avr/4.3.3/avr5\libgcc.a(_addsub_sf.o)
                                0x206 (size before relaxing)
 .debug_str     0x0000020c       0x27 c:/winavr-20100110/bin/../lib/gcc/avr/4.3.3/avr5\libgcc.a(_mul_sf.o)
                                0x1bf (size before relaxing)
 .debug_str     0x00000233       0x35 c:/winavr-20100110/bin/../lib/gcc/avr/4.3.3/avr5\libgcc.a(_div_sf.o)
                                0x1c8 (size before relaxing)
 .debug_str     0x00000268        0x8 c:/winavr-20100110/bin/../lib/gcc/avr/4.3.3/avr5\libgcc.a(_gt_sf.o)
                                0x195 (size before relaxing)
 .debug_str     0x00000270        0x8 c:/winavr-20100110/bin/../lib/gcc/avr/4.3.3/avr5\libgcc.a(_ge_sf.o)
                                0x195 (size before relaxing)
 .debug_str     0x00000278        0x8 c:/winavr-20100110/bin/../lib/gcc/avr/4.3.3/avr5\libgcc.a(_lt_sf.o)
                                0x195 (size before relaxing)
 .debug_str     0x00000280        0xa c:/winavr-20100110/bin/../lib/gcc/avr/4.3.3/avr5\libgcc.a(_sf_to_si.o)
                                0x19e (size before relaxing)
 .debug_str     0x00000000      0x103 c:/winavr-20100110/bin/../lib/gcc/avr/4.3.3/avr5\libgcc.a(_thenan_sf.o)
 .debug_str     0x0000028a       0x21 c:/winavr-20100110/bin/../lib/gcc/avr/4.3.3/avr5\libgcc.a(_usi_to_sf.o)
                                0x177 (size before relaxing)
 .debug_str     0x000002ab       0x20 c:/winavr-20100110/bin/../lib/gcc/avr/4.3.3/avr5\libgcc.a(_clzsi2.o)
                                0x111 (size before relaxing)
 .debug_str     0x000002cb       0x10 c:/winavr-20100110/bin/../lib/gcc/avr/4.3.3/avr5\libgcc.a(_pack_sf.o)
                                0x19d (size before relaxing)
 .debug_str     0x000002db        0xb c:/winavr-20100110/bin/../lib/gcc/avr/4.3.3/avr5\libgcc.a(_unpack_sf.o)
                                0x17f (size before relaxing)
 .debug_str     0x000002e6       0x10 c:/winavr-20100110/bin/../lib/gcc/avr/4.3.3/avr5\libgcc.a(_fpcmp_parts_sf.o)
                                0x163 (size before relaxing)
 .debug_str     0x00000000       0xf4 c:/winavr-20100110/bin/../lib/gcc/avr/4.3.3/avr5\libgcc.a(_clz.o)

.debug_loc      0x00000000      0x96e
 *(.debug_loc)
 .debug_loc     0x00000000       0x34 c:/winavr-20100110/bin/../lib/gcc/avr/4.3.3/avr5\libgcc.a(_fixunssfsi.o)
 .debug_loc     0x00000034      0x32a c:/winavr-20100110/bin/../lib/gcc/avr/4.3.3/avr5\libgcc.a(_addsub_sf.o)
 .debug_loc     0x0000035e      0x104 c:/winavr-20100110/bin/../lib/gcc/avr/4.3.3/avr5\libgcc.a(_mul_sf.o)
 .debug_loc     0x00000462       0xc0 c:/winavr-20100110/bin/../lib/gcc/avr/4.3.3/avr5\libgcc.a(_div_sf.o)
 .debug_loc     0x00000522       0x3c c:/winavr-20100110/bin/../lib/gcc/avr/4.3.3/avr5\libgcc.a(_gt_sf.o)
 .debug_loc     0x0000055e       0x3c c:/winavr-20100110/bin/../lib/gcc/avr/4.3.3/avr5\libgcc.a(_ge_sf.o)
 .debug_loc     0x0000059a       0x3c c:/winavr-20100110/bin/../lib/gcc/avr/4.3.3/avr5\libgcc.a(_lt_sf.o)
 .debug_loc     0x000005d6       0x7e c:/winavr-20100110/bin/../lib/gcc/avr/4.3.3/avr5\libgcc.a(_sf_to_si.o)
 .debug_loc     0x00000654       0x4c c:/winavr-20100110/bin/../lib/gcc/avr/4.3.3/avr5\libgcc.a(_usi_to_sf.o)
 .debug_loc     0x000006a0       0x94 c:/winavr-20100110/bin/../lib/gcc/avr/4.3.3/avr5\libgcc.a(_clzsi2.o)
 .debug_loc     0x00000734      0x13e c:/winavr-20100110/bin/../lib/gcc/avr/4.3.3/avr5\libgcc.a(_pack_sf.o)
 .debug_loc     0x00000872       0xac c:/winavr-20100110/bin/../lib/gcc/avr/4.3.3/avr5\libgcc.a(_unpack_sf.o)
 .debug_loc     0x0000091e       0x50 c:/winavr-20100110/bin/../lib/gcc/avr/4.3.3/avr5\libgcc.a(_fpcmp_parts_sf.o)

.debug_macinfo
 *(.debug_macinfo)
OUTPUT(CAR_CONTROL.elf elf32-avr)
LOAD linker stubs

.debug_ranges   0x00000000       0x50
 .debug_ranges  0x00000000       0x50 c:/winavr-20100110/bin/../lib/gcc/avr/4.3.3/avr5\libgcc.a(_mul_sf.o)
